// Jest Snapshot v1, https://goo.gl/fbAQLP

exports[`When Testing Miscellaneous Components:  <StarRating />:  should render correctly 1`] = `
<View
  style={
    [
      {
        "alignItems": "center",
        "flexDirection": "row",
        "justifyContent": "center",
      },
      {
        "gap": 3,
      },
    ]
  }
  testID="star rating"
>
  <Text />
  <Text />
  <Text />
  <Text />
  <Text />
</View>
`;
